// Jest Snapshot v1, https://goo.gl/fbAQLP

exports[`Card 1`] = `
<div
  class="card"
>
  <div
    class="card-body"
  >
    <h4
      class="card-title"
    >
      title
    </h4>
    <p
      class="card-text"
    >
      text
    </p>
    <button
      class="btn btn-primary"
      type="button"
    >
      Press me
    </button>
  </div>
</div>
`;
