// Jest Snapshot v1, https://goo.gl/fbAQLP

exports[`Definitions 1 1`] = `
<dl>
  <dt>
    description one
  </dt>
  <dd>
    term one
  </dd>
  <dt>
    description two
  </dt>
  <dd>
    term two
  </dd>
</dl>
`;

exports[`Definitions 2 1`] = `null`;
